------------------------------------------------------------
Timing Analyzer Summary
------------------------------------------------------------

Type  : Slow 1200mV 85C Model Setup 'CLOCK_50'
Slack : -4.467
TNS   : -267.224

Type  : Slow 1200mV 85C Model Setup 'ClkDivider:clk_6s_period|clkOut'
Slack : 0.210
TNS   : 0.000

Type  : Slow 1200mV 85C Model Hold 'ClkDivider:clk_6s_period|clkOut'
Slack : 0.440
TNS   : 0.000

Type  : Slow 1200mV 85C Model Hold 'CLOCK_50'
Slack : 0.442
TNS   : 0.000

Type  : Slow 1200mV 85C Model Minimum Pulse Width 'CLOCK_50'
Slack : -3.000
TNS   : -107.085

Type  : Slow 1200mV 85C Model Minimum Pulse Width 'ClkDivider:clk_6s_period|clkOut'
Slack : -1.285
TNS   : -1.285

Type  : Slow 1200mV 0C Model Setup 'CLOCK_50'
Slack : -4.038
TNS   : -237.781

Type  : Slow 1200mV 0C Model Setup 'ClkDivider:clk_6s_period|clkOut'
Slack : 0.297
TNS   : 0.000

Type  : Slow 1200mV 0C Model Hold 'ClkDivider:clk_6s_period|clkOut'
Slack : 0.387
TNS   : 0.000

Type  : Slow 1200mV 0C Model Hold 'CLOCK_50'
Slack : 0.401
TNS   : 0.000

Type  : Slow 1200mV 0C Model Minimum Pulse Width 'CLOCK_50'
Slack : -3.000
TNS   : -107.085

Type  : Slow 1200mV 0C Model Minimum Pulse Width 'ClkDivider:clk_6s_period|clkOut'
Slack : -1.285
TNS   : -1.285

Type  : Fast 1200mV 0C Model Setup 'CLOCK_50'
Slack : -1.736
TNS   : -82.713

Type  : Fast 1200mV 0C Model Setup 'ClkDivider:clk_6s_period|clkOut'
Slack : 0.626
TNS   : 0.000

Type  : Fast 1200mV 0C Model Hold 'CLOCK_50'
Slack : 0.200
TNS   : 0.000

Type  : Fast 1200mV 0C Model Hold 'ClkDivider:clk_6s_period|clkOut'
Slack : 0.201
TNS   : 0.000

Type  : Fast 1200mV 0C Model Minimum Pulse Width 'CLOCK_50'
Slack : -3.000
TNS   : -89.151

Type  : Fast 1200mV 0C Model Minimum Pulse Width 'ClkDivider:clk_6s_period|clkOut'
Slack : -1.000
TNS   : -1.000

------------------------------------------------------------
