Analysis & Synthesis report for grinalda
Tue Apr  8 10:45:47 2025
Quartus Prime Version 22.1std.2 Build 922 07/20/2023 SC Lite Edition


---------------------
; Table of Contents ;
---------------------
  1. Legal Notice
  2. Analysis & Synthesis Summary
  3. Analysis & Synthesis Settings
  4. Parallel Compilation
  5. Analysis & Synthesis Source Files Read
  6. Analysis & Synthesis Resource Usage Summary
  7. Analysis & Synthesis Resource Utilization by Entity
  8. General Register Statistics
  9. Parameter Settings for User Entity Instance: Blink_Gen:u_blink_1hz
 10. Parameter Settings for User Entity Instance: Blink_Gen:u_blink_2hz
 11. Parameter Settings for User Entity Instance: ClkDivider:clk_6s_period
 12. Port Connectivity Checks: "Blink_Gen:u_blink_2hz"
 13. Port Connectivity Checks: "Blink_Gen:u_blink_1hz"
 14. Port Connectivity Checks: "Dec2_4En:dec2_4"
 15. Port Connectivity Checks: "Bin7SegDecoder:bin_7seg"
 16. Post-Synthesis Netlist Statistics for Top Partition
 17. Elapsed Time Per Partition
 18. Analysis & Synthesis Messages



----------------
; Legal Notice ;
----------------
Copyright (C) 2023  Intel Corporation. All rights reserved.
Your use of Intel Corporation's design tools, logic functions 
and other software and tools, and any partner logic 
functions, and any output files from any of the foregoing 
(including device programming or simulation files), and any 
associated documentation or information are expressly subject 
to the terms and conditions of the Intel Program License 
Subscription Agreement, the Intel Quartus Prime License Agreement,
the Intel FPGA IP License Agreement, or other applicable license
agreement, including, without limitation, that your use is for
the sole purpose of programming logic devices manufactured by
Intel and sold by Intel or its authorized distributors.  Please
refer to the applicable agreement for further details, at
https://fpgasoftware.intel.com/eula.



+-------------------------------------------------------------------------------------+
; Analysis & Synthesis Summary                                                        ;
+------------------------------------+------------------------------------------------+
; Analysis & Synthesis Status        ; Successful - Tue Apr  8 10:45:47 2025          ;
; Quartus Prime Version              ; 22.1std.2 Build 922 07/20/2023 SC Lite Edition ;
; Revision Name                      ; grinalda                                       ;
; Top-level Entity Name              ; Grinalda                                       ;
; Family                             ; Cyclone IV E                                   ;
; Total logic elements               ; 139                                            ;
;     Total combinational functions  ; 139                                            ;
;     Dedicated logic registers      ; 82                                             ;
; Total registers                    ; 82                                             ;
; Total pins                         ; 22                                             ;
; Total virtual pins                 ; 0                                              ;
; Total memory bits                  ; 0                                              ;
; Embedded Multiplier 9-bit elements ; 0                                              ;
; Total PLLs                         ; 0                                              ;
+------------------------------------+------------------------------------------------+


+------------------------------------------------------------------------------------------------------------+
; Analysis & Synthesis Settings                                                                              ;
+------------------------------------------------------------------+--------------------+--------------------+
; Option                                                           ; Setting            ; Default Value      ;
+------------------------------------------------------------------+--------------------+--------------------+
; Device                                                           ; EP4CE115F29C7      ;                    ;
; Top-level entity name                                            ; grinalda           ; grinalda           ;
; Family name                                                      ; Cyclone IV E       ; Cyclone V          ;
; Use smart compilation                                            ; Off                ; Off                ;
; Enable parallel Assembler and Timing Analyzer during compilation ; On                 ; On                 ;
; Enable compact report table                                      ; Off                ; Off                ;
; Restructure Multiplexers                                         ; Auto               ; Auto               ;
; Create Debugging Nodes for IP Cores                              ; Off                ; Off                ;
; Preserve fewer node names                                        ; On                 ; On                 ;
; Intel FPGA IP Evaluation Mode                                    ; Enable             ; Enable             ;
; Verilog Version                                                  ; Verilog_2001       ; Verilog_2001       ;
; VHDL Version                                                     ; VHDL_1993          ; VHDL_1993          ;
; State Machine Processing                                         ; Auto               ; Auto               ;
; Safe State Machine                                               ; Off                ; Off                ;
; Extract Verilog State Machines                                   ; On                 ; On                 ;
; Extract VHDL State Machines                                      ; On                 ; On                 ;
; Ignore Verilog initial constructs                                ; Off                ; Off                ;
; Iteration limit for constant Verilog loops                       ; 5000               ; 5000               ;
; Iteration limit for non-constant Verilog loops                   ; 250                ; 250                ;
; Add Pass-Through Logic to Inferred RAMs                          ; On                 ; On                 ;
; Infer RAMs from Raw Logic                                        ; On                 ; On                 ;
; Parallel Synthesis                                               ; On                 ; On                 ;
; DSP Block Balancing                                              ; Auto               ; Auto               ;
; NOT Gate Push-Back                                               ; On                 ; On                 ;
; Power-Up Don't Care                                              ; On                 ; On                 ;
; Remove Redundant Logic Cells                                     ; Off                ; Off                ;
; Remove Duplicate Registers                                       ; On                 ; On                 ;
; Ignore CARRY Buffers                                             ; Off                ; Off                ;
; Ignore CASCADE Buffers                                           ; Off                ; Off                ;
; Ignore GLOBAL Buffers                                            ; Off                ; Off                ;
; Ignore ROW GLOBAL Buffers                                        ; Off                ; Off                ;
; Ignore LCELL Buffers                                             ; Off                ; Off                ;
; Ignore SOFT Buffers                                              ; On                 ; On                 ;
; Limit AHDL Integers to 32 Bits                                   ; Off                ; Off                ;
; Optimization Technique                                           ; Balanced           ; Balanced           ;
; Carry Chain Length                                               ; 70                 ; 70                 ;
; Auto Carry Chains                                                ; On                 ; On                 ;
; Auto Open-Drain Pins                                             ; On                 ; On                 ;
; Perform WYSIWYG Primitive Resynthesis                            ; Off                ; Off                ;
; Auto ROM Replacement                                             ; On                 ; On                 ;
; Auto RAM Replacement                                             ; On                 ; On                 ;
; Auto DSP Block Replacement                                       ; On                 ; On                 ;
; Auto Shift Register Replacement                                  ; Auto               ; Auto               ;
; Allow Shift Register Merging across Hierarchies                  ; Auto               ; Auto               ;
; Auto Clock Enable Replacement                                    ; On                 ; On                 ;
; Strict RAM Replacement                                           ; Off                ; Off                ;
; Allow Synchronous Control Signals                                ; On                 ; On                 ;
; Force Use of Synchronous Clear Signals                           ; Off                ; Off                ;
; Auto RAM Block Balancing                                         ; On                 ; On                 ;
; Auto RAM to Logic Cell Conversion                                ; Off                ; Off                ;
; Auto Resource Sharing                                            ; Off                ; Off                ;
; Allow Any RAM Size For Recognition                               ; Off                ; Off                ;
; Allow Any ROM Size For Recognition                               ; Off                ; Off                ;
; Allow Any Shift Register Size For Recognition                    ; Off                ; Off                ;
; Use LogicLock Constraints during Resource Balancing              ; On                 ; On                 ;
; Ignore translate_off and synthesis_off directives                ; Off                ; Off                ;
; Timing-Driven Synthesis                                          ; On                 ; On                 ;
; Report Parameter Settings                                        ; On                 ; On                 ;
; Report Source Assignments                                        ; On                 ; On                 ;
; Report Connectivity Checks                                       ; On                 ; On                 ;
; Ignore Maximum Fan-Out Assignments                               ; Off                ; Off                ;
; Synchronization Register Chain Length                            ; 2                  ; 2                  ;
; Power Optimization During Synthesis                              ; Normal compilation ; Normal compilation ;
; HDL message level                                                ; Level2             ; Level2             ;
; Suppress Register Optimization Related Messages                  ; Off                ; Off                ;
; Number of Removed Registers Reported in Synthesis Report         ; 5000               ; 5000               ;
; Number of Swept Nodes Reported in Synthesis Report               ; 5000               ; 5000               ;
; Number of Inverted Registers Reported in Synthesis Report        ; 100                ; 100                ;
; Clock MUX Protection                                             ; On                 ; On                 ;
; Auto Gated Clock Conversion                                      ; Off                ; Off                ;
; Block Design Naming                                              ; Auto               ; Auto               ;
; SDC constraint protection                                        ; Off                ; Off                ;
; Synthesis Effort                                                 ; Auto               ; Auto               ;
; Shift Register Replacement - Allow Asynchronous Clear Signal     ; On                 ; On                 ;
; Pre-Mapping Resynthesis Optimization                             ; Off                ; Off                ;
; Analysis & Synthesis Message Level                               ; Medium             ; Medium             ;
; Disable Register Merging Across Hierarchies                      ; Auto               ; Auto               ;
; Resource Aware Inference For Block RAM                           ; On                 ; On                 ;
+------------------------------------------------------------------+--------------------+--------------------+


+------------------------------------------+
; Parallel Compilation                     ;
+----------------------------+-------------+
; Processors                 ; Number      ;
+----------------------------+-------------+
; Number detected on machine ; 12          ;
; Maximum allowed            ; 8           ;
;                            ;             ;
; Average used               ; 1.00        ;
; Maximum used               ; 8           ;
;                            ;             ;
; Usage by Processor         ; % Time Used ;
;     Processor 1            ; 100.0%      ;
;     Processors 2-8         ;   0.0%      ;
+----------------------------+-------------+


+---------------------------------------------------------------------------------------------------------------------------------------------------+
; Analysis & Synthesis Source Files Read                                                                                                            ;
+----------------------------------+-----------------+-----------------+------------------------------------------------------------------+---------+
; File Name with User-Entered Path ; Used in Netlist ; File Type       ; File Name with Absolute Path                                     ; Library ;
+----------------------------------+-----------------+-----------------+------------------------------------------------------------------+---------+
; Bin7SegDecoder.vhd               ; yes             ; User VHDL File  ; C:/Users/Melo/Desktop/escola/LSD/mini_projeto/Bin7SegDecoder.vhd ;         ;
; ClkDivider.vhd                   ; yes             ; User VHDL File  ; C:/Users/Melo/Desktop/escola/LSD/mini_projeto/ClkDivider.vhd     ;         ;
; Dec2_4En.vhd                     ; yes             ; User VHDL File  ; C:/Users/Melo/Desktop/escola/LSD/mini_projeto/Dec2_4En.vhd       ;         ;
; Blink_Gen.vhd                    ; yes             ; User VHDL File  ; C:/Users/Melo/Desktop/escola/LSD/mini_projeto/Blink_Gen.vhd      ;         ;
; grinalda.vhd                     ; yes             ; User VHDL File  ; C:/Users/Melo/Desktop/escola/LSD/mini_projeto/grinalda.vhd       ;         ;
+----------------------------------+-----------------+-----------------+------------------------------------------------------------------+---------+


+--------------------------------------------------------------+
; Analysis & Synthesis Resource Usage Summary                  ;
+---------------------------------------------+----------------+
; Resource                                    ; Usage          ;
+---------------------------------------------+----------------+
; Estimated Total logic elements              ; 139            ;
;                                             ;                ;
; Total combinational functions               ; 139            ;
; Logic element usage by number of LUT inputs ;                ;
;     -- 4 input functions                    ; 39             ;
;     -- 3 input functions                    ; 15             ;
;     -- <=2 input functions                  ; 85             ;
;                                             ;                ;
; Logic elements by mode                      ;                ;
;     -- normal mode                          ; 62             ;
;     -- arithmetic mode                      ; 77             ;
;                                             ;                ;
; Total registers                             ; 82             ;
;     -- Dedicated logic registers            ; 82             ;
;     -- I/O registers                        ; 0              ;
;                                             ;                ;
; I/O pins                                    ; 22             ;
;                                             ;                ;
; Embedded Multiplier 9-bit elements          ; 0              ;
;                                             ;                ;
; Maximum fan-out node                        ; CLOCK_50~input ;
; Maximum fan-out                             ; 81             ;
; Total fan-out                               ; 652            ;
; Average fan-out                             ; 2.46           ;
+---------------------------------------------+----------------+


+-------------------------------------------------------------------------------------------------------------------------------------------------------------------------------------------------------------------------------+
; Analysis & Synthesis Resource Utilization by Entity                                                                                                                                                                           ;
+-------------------------------+---------------------+---------------------------+-------------+--------------+---------+-----------+------+--------------+------------------------------------+----------------+--------------+
; Compilation Hierarchy Node    ; Combinational ALUTs ; Dedicated Logic Registers ; Memory Bits ; DSP Elements ; DSP 9x9 ; DSP 18x18 ; Pins ; Virtual Pins ; Full Hierarchy Name                ; Entity Name    ; Library Name ;
+-------------------------------+---------------------+---------------------------+-------------+--------------+---------+-----------+------+--------------+------------------------------------+----------------+--------------+
; |Grinalda                     ; 139 (18)            ; 82 (1)                    ; 0           ; 0            ; 0       ; 0         ; 22   ; 0            ; |Grinalda                          ; Grinalda       ; work         ;
;    |Bin7SegDecoder:bin_7seg|  ; 2 (2)               ; 0 (0)                     ; 0           ; 0            ; 0       ; 0         ; 0    ; 0            ; |Grinalda|Bin7SegDecoder:bin_7seg  ; Bin7SegDecoder ; work         ;
;    |Blink_Gen:u_blink_1hz|    ; 34 (34)             ; 26 (26)                   ; 0           ; 0            ; 0       ; 0         ; 0    ; 0            ; |Grinalda|Blink_Gen:u_blink_1hz    ; Blink_Gen      ; work         ;
;    |Blink_Gen:u_blink_2hz|    ; 33 (33)             ; 25 (25)                   ; 0           ; 0            ; 0       ; 0         ; 0    ; 0            ; |Grinalda|Blink_Gen:u_blink_2hz    ; Blink_Gen      ; work         ;
;    |ClkDivider:clk_6s_period| ; 51 (51)             ; 30 (30)                   ; 0           ; 0            ; 0       ; 0         ; 0    ; 0            ; |Grinalda|ClkDivider:clk_6s_period ; ClkDivider     ; work         ;
;    |Dec2_4En:dec2_4|          ; 1 (1)               ; 0 (0)                     ; 0           ; 0            ; 0       ; 0         ; 0    ; 0            ; |Grinalda|Dec2_4En:dec2_4          ; Dec2_4En       ; work         ;
+-------------------------------+---------------------+---------------------------+-------------+--------------+---------+-----------+------+--------------+------------------------------------+----------------+--------------+
Note: For table entries with two numbers listed, the numbers in parentheses indicate the number of resources of the given type used by the specific entity alone. The numbers listed outside of parentheses indicate the total resources of the given type used by the specific entity and all of its sub-entities in the hierarchy.


+------------------------------------------------------+
; General Register Statistics                          ;
+----------------------------------------------+-------+
; Statistic                                    ; Value ;
+----------------------------------------------+-------+
; Total registers                              ; 82    ;
; Number of registers using Synchronous Clear  ; 80    ;
; Number of registers using Synchronous Load   ; 0     ;
; Number of registers using Asynchronous Clear ; 0     ;
; Number of registers using Asynchronous Load  ; 0     ;
; Number of registers using Clock Enable       ; 0     ;
; Number of registers using Preset             ; 0     ;
+----------------------------------------------+-------+


+--------------------------------------------------------------------+
; Parameter Settings for User Entity Instance: Blink_Gen:u_blink_1hz ;
+----------------+----------+----------------------------------------+
; Parameter Name ; Value    ; Type                                   ;
+----------------+----------+----------------------------------------+
; number_steps   ; 50000000 ; Signed Integer                         ;
+----------------+----------+----------------------------------------+
Note: In order to hide this table in the UI and the text report file, please set the "Show Parameter Settings in Synthesis Report" option in "Analysis and Synthesis Settings -> More Settings" to "Off".


+--------------------------------------------------------------------+
; Parameter Settings for User Entity Instance: Blink_Gen:u_blink_2hz ;
+----------------+----------+----------------------------------------+
; Parameter Name ; Value    ; Type                                   ;
+----------------+----------+----------------------------------------+
; number_steps   ; 25000000 ; Signed Integer                         ;
+----------------+----------+----------------------------------------+
Note: In order to hide this table in the UI and the text report file, please set the "Show Parameter Settings in Synthesis Report" option in "Analysis and Synthesis Settings -> More Settings" to "Off".


+-----------------------------------------------------------------------+
; Parameter Settings for User Entity Instance: ClkDivider:clk_6s_period ;
+----------------+-----------+------------------------------------------+
; Parameter Name ; Value     ; Type                                     ;
+----------------+-----------+------------------------------------------+
; divfactor      ; 300000000 ; Signed Integer                           ;
+----------------+-----------+------------------------------------------+
Note: In order to hide this table in the UI and the text report file, please set the "Show Parameter Settings in Synthesis Report" option in "Analysis and Synthesis Settings -> More Settings" to "Off".


+---------------------------------------------------+
; Port Connectivity Checks: "Blink_Gen:u_blink_2hz" ;
+-------+-------+----------+------------------------+
; Port  ; Type  ; Severity ; Details                ;
+-------+-------+----------+------------------------+
; reset ; Input ; Info     ; Stuck at GND           ;
+-------+-------+----------+------------------------+


+---------------------------------------------------+
; Port Connectivity Checks: "Blink_Gen:u_blink_1hz" ;
+-------+-------+----------+------------------------+
; Port  ; Type  ; Severity ; Details                ;
+-------+-------+----------+------------------------+
; reset ; Input ; Info     ; Stuck at GND           ;
+-------+-------+----------+------------------------+


+----------------------------------------------------------------------------------------------------------------------+
; Port Connectivity Checks: "Dec2_4En:dec2_4"                                                                          ;
+------------+--------+----------+-------------------------------------------------------------------------------------+
; Port       ; Type   ; Severity ; Details                                                                             ;
+------------+--------+----------+-------------------------------------------------------------------------------------+
; enable     ; Input  ; Info     ; Stuck at VCC                                                                        ;
; outputs[3] ; Output ; Info     ; Connected to dangling logic. Logic that only feeds a dangling port will be removed. ;
+------------+--------+----------+-------------------------------------------------------------------------------------+


+-----------------------------------------------------+
; Port Connectivity Checks: "Bin7SegDecoder:bin_7seg" ;
+-------------+-------+----------+--------------------+
; Port        ; Type  ; Severity ; Details            ;
+-------------+-------+----------+--------------------+
; bininput[3] ; Input ; Info     ; Stuck at GND       ;
; enable      ; Input ; Info     ; Stuck at VCC       ;
+-------------+-------+----------+--------------------+


+-----------------------------------------------------+
; Post-Synthesis Netlist Statistics for Top Partition ;
+-----------------------+-----------------------------+
; Type                  ; Count                       ;
+-----------------------+-----------------------------+
; boundary_port         ; 22                          ;
; cycloneiii_ff         ; 82                          ;
;     SCLR              ; 80                          ;
;     plain             ; 2                           ;
; cycloneiii_lcell_comb ; 144                         ;
;     arith             ; 77                          ;
;         2 data inputs ; 77                          ;
;     normal            ; 67                          ;
;         0 data inputs ; 1                           ;
;         1 data inputs ; 7                           ;
;         2 data inputs ; 5                           ;
;         3 data inputs ; 15                          ;
;         4 data inputs ; 39                          ;
;                       ;                             ;
; Max LUT depth         ; 6.00                        ;
; Average LUT depth     ; 3.39                        ;
+-----------------------+-----------------------------+


+-------------------------------+
; Elapsed Time Per Partition    ;
+----------------+--------------+
; Partition Name ; Elapsed Time ;
+----------------+--------------+
; Top            ; 00:00:00     ;
+----------------+--------------+


+-------------------------------+
; Analysis & Synthesis Messages ;
+-------------------------------+
Info: *******************************************************************
Info: Running Quartus Prime Analysis & Synthesis
    Info: Version 22.1std.2 Build 922 07/20/2023 SC Lite Edition
    Info: Processing started: Tue Apr  8 10:45:40 2025
Info: Command: quartus_map --read_settings_files=on --write_settings_files=off grinalda -c grinalda
Warning (18236): Number of processors has not been specified which may cause overloading on shared machines.  Set the global assignment NUM_PARALLEL_PROCESSORS in your QSF to an appropriate value for best performance.
Info (20030): Parallel compilation is enabled and will use 8 of the 8 processors detected
Info (12021): Found 2 design units, including 1 entities, in source file bin7segdecoder.vhd
    Info (12022): Found design unit 1: Bin7SegDecoder-Behavioral File: C:/Users/Melo/Desktop/escola/LSD/mini_projeto/Bin7SegDecoder.vhd Line: 12
    Info (12023): Found entity 1: Bin7SegDecoder File: C:/Users/Melo/Desktop/escola/LSD/mini_projeto/Bin7SegDecoder.vhd Line: 4
Info (12021): Found 2 design units, including 1 entities, in source file clkdivider.vhd
    Info (12022): Found design unit 1: ClkDivider-Behavioral File: C:/Users/Melo/Desktop/escola/LSD/mini_projeto/ClkDivider.vhd Line: 11
    Info (12023): Found entity 1: ClkDivider File: C:/Users/Melo/Desktop/escola/LSD/mini_projeto/ClkDivider.vhd Line: 5
Info (12021): Found 2 design units, including 1 entities, in source file dec2_4en.vhd
    Info (12022): Found design unit 1: Dec2_4En-Behavioral File: C:/Users/Melo/Desktop/escola/LSD/mini_projeto/Dec2_4En.vhd Line: 10
    Info (12023): Found entity 1: Dec2_4En File: C:/Users/Melo/Desktop/escola/LSD/mini_projeto/Dec2_4En.vhd Line: 4
Info (12021): Found 2 design units, including 1 entities, in source file blink_gen.vhd
    Info (12022): Found design unit 1: Blink_Gen-Behavioral File: C:/Users/Melo/Desktop/escola/LSD/mini_projeto/Blink_Gen.vhd Line: 12
    Info (12023): Found entity 1: Blink_Gen File: C:/Users/Melo/Desktop/escola/LSD/mini_projeto/Blink_Gen.vhd Line: 5
Info (12021): Found 2 design units, including 1 entities, in source file grinalda.vhd
    Info (12022): Found design unit 1: Grinalda-Shell File: C:/Users/Melo/Desktop/escola/LSD/mini_projeto/grinalda.vhd Line: 15
    Info (12023): Found entity 1: Grinalda File: C:/Users/Melo/Desktop/escola/LSD/mini_projeto/grinalda.vhd Line: 5
Info (12127): Elaborating entity "grinalda" for the top level hierarchy
Warning (10492): VHDL Process Statement warning at grinalda.vhd(65): signal "blink_2Hz" is read inside the Process Statement but isn't in the Process Statement's sensitivity list File: C:/Users/Melo/Desktop/escola/LSD/mini_projeto/grinalda.vhd Line: 65
Warning (10492): VHDL Process Statement warning at grinalda.vhd(74): signal "blink_1Hz" is read inside the Process Statement but isn't in the Process Statement's sensitivity list File: C:/Users/Melo/Desktop/escola/LSD/mini_projeto/grinalda.vhd Line: 74
Warning (10492): VHDL Process Statement warning at grinalda.vhd(83): signal "clk_6s" is read inside the Process Statement but isn't in the Process Statement's sensitivity list File: C:/Users/Melo/Desktop/escola/LSD/mini_projeto/grinalda.vhd Line: 83
Warning (10492): VHDL Process Statement warning at grinalda.vhd(86): signal "enable_6s" is read inside the Process Statement but isn't in the Process Statement's sensitivity list File: C:/Users/Melo/Desktop/escola/LSD/mini_projeto/grinalda.vhd Line: 86
Warning (10492): VHDL Process Statement warning at grinalda.vhd(87): signal "blink_1Hz" is read inside the Process Statement but isn't in the Process Statement's sensitivity list File: C:/Users/Melo/Desktop/escola/LSD/mini_projeto/grinalda.vhd Line: 87
Warning (10492): VHDL Process Statement warning at grinalda.vhd(95): signal "blink_2Hz" is read inside the Process Statement but isn't in the Process Statement's sensitivity list File: C:/Users/Melo/Desktop/escola/LSD/mini_projeto/grinalda.vhd Line: 95
Info (12129): Elaborating entity "Bin7SegDecoder" using architecture "A:behavioral" for hierarchy "Bin7SegDecoder:bin_7seg" File: C:/Users/Melo/Desktop/escola/LSD/mini_projeto/grinalda.vhd Line: 30
Info (12129): Elaborating entity "Dec2_4En" using architecture "A:behavioral" for hierarchy "Dec2_4En:dec2_4" File: C:/Users/Melo/Desktop/escola/LSD/mini_projeto/grinalda.vhd Line: 35
Info (12129): Elaborating entity "Blink_Gen" using architecture "A:behavioral" for hierarchy "Blink_Gen:u_blink_1hz" File: C:/Users/Melo/Desktop/escola/LSD/mini_projeto/grinalda.vhd Line: 40
Info (12129): Elaborating entity "Blink_Gen" using architecture "A:behavioral" for hierarchy "Blink_Gen:u_blink_2hz" File: C:/Users/Melo/Desktop/escola/LSD/mini_projeto/grinalda.vhd Line: 46
Info (12129): Elaborating entity "ClkDivider" using architecture "A:behavioral" for hierarchy "ClkDivider:clk_6s_period" File: C:/Users/Melo/Desktop/escola/LSD/mini_projeto/grinalda.vhd Line: 52
Warning (13024): Output pins are stuck at VCC or GND
    Warning (13410): Pin "HEX0[1]" is stuck at GND File: C:/Users/Melo/Desktop/escola/LSD/mini_projeto/grinalda.vhd Line: 11
Info (286030): Timing-Driven Synthesis is running
Info (16010): Generating hard_block partition "hard_block:auto_generated_inst"
    Info (16011): Adding 0 node(s), including 0 DDIO, 0 PLL, 0 transceiver and 0 LCELL
Info (21057): Implemented 161 device resources after synthesis - the final resource count might be different
    Info (21058): Implemented 3 input pins
    Info (21059): Implemented 19 output pins
    Info (21061): Implemented 139 logic cells
Info: Quartus Prime Analysis & Synthesis was successful. 0 errors, 9 warnings
    Info: Peak virtual memory: 4908 megabytes
    Info: Processing ended: Tue Apr  8 10:45:47 2025
    Info: Elapsed time: 00:00:07
    Info: Total CPU time (on all processors): 00:00:15


